
> react-example@0.0.0 build
> vite build && esbuild server.ts --bundle --platform=node --format=cjs --packages=external --sourcemap --outfile=dist/server.cjs

[36mvite v6.4.3 [32mbuilding for production...[36m[39m
transforming...
[32m??[39m 2661 modules transformed.
